// Jest Snapshot v1, https://goo.gl/fbAQLP

exports[`adding cfn suppressing rules to lambda 1`] = `
Object {
  "Resources": Object {
    "ServiceRole": Object {
      "Properties": Object {
        "AssumeRolePolicyDocument": Object {
          "Statement": Array [
            Object {
              "Action": "sts:AssumeRole",
              "Effect": "Allow",
              "Principal": Object {
                "Service": "lambda.amazonaws.com",
              },
            },
          ],
          "Version": "2012-10-17",
        },
        "Path": "/",
        "Policies": Array [
          Object {
            "PolicyDocument": Object {
              "Statement": Array [
                Object {
                  "Action": Array [
                    "logs:CreateLogGroup",
                    "logs:CreateLogStream",
                    "logs:PutLogEvents",
                  ],
                  "Effect": "Allow",
                  "Resource": Object {
                    "Fn::Join": Array [
                      "",
                      Array [
                        "arn:",
                        Object {
                          "Ref": "AWS::Partition",
                        },
                        ":logs:",
                        Object {
                          "Ref": "AWS::Region",
                        },
                        ":",
                        Object {
                          "Ref": "AWS::AccountId",
                        },
                        ":log-group:/aws/lambda/*",
                      ],
                    ],
                  },
                  "Sid": "CreateCWLogs",
                },
              ],
              "Version": "2012-10-17",
            },
            "PolicyName": "LambdaPolicyName",
          },
        ],
      },
      "Type": "AWS::IAM::Role",
    },
    "testFunction483F4CBE": Object {
      "DependsOn": Array [
        "ServiceRole",
      ],
      "Metadata": Object {
        "cfn_nag": Object {
          "rules_to_suppress": Array [
            Object {
              "id": "W58",
              "reason": "Lambda has the required permission to write CloudWatch Logs through a custom policy.",
            },
            Object {
              "id": "W89",
              "reason": "There is no need to deploy this Lambda to a VPC.",
            },
            Object {
              "id": "W92",
              "reason": "There is no need for Reserved Concurrency.",
            },
          ],
        },
      },
      "Properties": Object {
        "Code": Object {
          "ZipFile": "exports.handler = (event, context, callback) => {}",
        },
        "Handler": "index.handler",
        "Role": Object {
          "Fn::GetAtt": Array [
            "ServiceRole",
            "Arn",
          ],
        },
        "Runtime": "nodejs14.x",
      },
      "Type": "AWS::Lambda::Function",
    },
  },
}
`;
