// Jest Snapshot v1, https://goo.gl/fbAQLP

exports[`Snapshot test for canary alarm 1`] = `
Object {
  "Conditions": Object {
    "CanaryBucketCondition": Object {
      "Fn::Equals": Array [
        Object {
          "Ref": "CreateBucket",
        },
        "Yes",
      ],
    },
    "CreateBucketCondition": Object {
      "Fn::And": Array [
        Object {
          "Condition": "CanaryBucketCondition",
        },
        Object {
          "Condition": "CreateCanaryCondition",
        },
      ],
    },
    "CreateCanaryCondition": Object {
      "Fn::Equals": Array [
        Object {
          "Ref": "CreateCanary",
        },
        "Yes",
      ],
    },
    "IntervalEqualsOne": Object {
      "Fn::Equals": Array [
        Object {
          "Ref": "Interval",
        },
        1,
      ],
    },
  },
  "Metadata": Object {
    "AWS::CloudFormation::Interface": Object {
      "ParameterGroups": Array [
        Object {
          "Label": Object {
            "default": "Canary Configuration",
          },
          "Parameters": Array [
            "CanaryName",
            "CreateCanary",
            "URL",
            "Interval",
            "ResponseThreshold",
            "CreateBucket",
            "BucketName",
          ],
        },
        Object {
          "Label": Object {
            "default": "Application Monitoring",
          },
          "Parameters": Array [
            "AppName",
            "RepoName",
          ],
        },
        Object {
          "Label": Object {
            "default": "Alarm Configuration",
          },
          "Parameters": Array [
            "PercentThreshold",
            "EvalPeriods",
            "AlarmPeriods",
          ],
        },
      ],
      "ParameterLabels": Object {
        "AlarmPeriods": Object {
          "default": "Alarm Periods",
        },
        "AppName": Object {
          "default": "Application Name",
        },
        "BucketName": Object {
          "default": "Artifact Bucket Name",
        },
        "CanaryInterval": Object {
          "default": "Canary Interval",
        },
        "CanaryName": Object {
          "default": "Canary Name",
        },
        "CreateBucket": Object {
          "default": "Create Artifact Bucket?",
        },
        "CreateCanary": Object {
          "default": "Create New Canary?",
        },
        "EvalPeriods": Object {
          "default": "Evaluation Periods",
        },
        "PercentThreshold": Object {
          "default": "% Success Threshold (<)",
        },
        "RepoName": Object {
          "default": "Repository Name",
        },
        "ResponseThreshold": Object {
          "default": "Response Threshold (ms)",
        },
        "URL": Object {
          "default": "URL",
        },
      },
    },
  },
  "Outputs": Object {
    "AlarmName": Object {
      "Description": "Name of the Canary Alarm",
      "Value": Object {
        "Fn::Join": Array [
          "",
          Array [
            "SO0143-[",
            Object {
              "Ref": "AppName",
            },
            "]-[",
            Object {
              "Ref": "RepoName",
            },
            "]-MTTR",
          ],
        ],
      },
    },
    "CanaryName": Object {
      "Description": "Name of the Canary",
      "Value": Object {
        "Ref": "CanaryName",
      },
    },
    "SolutionVersion": Object {
      "Description": "Version for AWS DevOps Monitoring Dashboard Solution",
      "Value": "v1.0.0",
    },
  },
  "Parameters": Object {
    "AlarmPeriods": Object {
      "Default": 1,
      "Description": "Number of collection periods over which the threshold is exceeded before alarming. This value must be less than or equal to Evaluation Periods",
      "Type": "Number",
    },
    "AppName": Object {
      "Description": "Name of the application that canary monitors.",
      "Type": "String",
    },
    "BucketName": Object {
      "Description": "Name of the bucket (new or existing) for logging Canary artifacts. Each Canary will log to this bucket to a different prefix.",
      "Type": "String",
    },
    "CanaryName": Object {
      "AllowedPattern": "^[0-9a-z_-]+$",
      "Default": "mycanary",
      "Description": "Name of your Canary (new or existing) so users can easily understand what it is in the console.",
      "Type": "String",
    },
    "CreateBucket": Object {
      "AllowedValues": Array [
        "No",
        "Yes",
      ],
      "Default": "No",
      "Description": "Canaries store artifacts in an S3 bucket. Should this canary create a new bucket? Enter the bucket name (new or existing) below.",
      "Type": "String",
    },
    "CreateCanary": Object {
      "AllowedValues": Array [
        "No",
        "Yes",
      ],
      "Default": "Yes",
      "Description": "Should a new canary be created? If yes, a canary with the name specified above will be created. If no, just skip the rest of Canary Configuration and move on to Application Monitoring.",
      "Type": "String",
    },
    "EvalPeriods": Object {
      "Default": 1,
      "Description": "Number of periods to compare to the threshold.",
      "Type": "Number",
    },
    "Interval": Object {
      "Default": 5,
      "Description": "Interval, in minutes.",
      "Type": "Number",
    },
    "PercentThreshold": Object {
      "Default": 100,
      "Description": "Threshold for Success (percentage). Any value less than this value will result in an alarm being triggered.",
      "Type": "Number",
    },
    "RepoName": Object {
      "Description": "Name of CodeCommit repository for the application.",
      "Type": "String",
    },
    "ResponseThreshold": Object {
      "AllowedPattern": "^[0-9]+$",
      "Default": "15000",
      "Description": "Number of milliseconds to wait for a url response before considering the canary failed.",
      "Type": "String",
    },
    "URL": Object {
      "Description": "Application or endpoint URL you want to monitor with the canary (for example, https://www.example.com). The canary will check the site every 5 minutes.",
      "Type": "String",
    },
  },
  "Resources": Object {
    "AlarmAppAlarm83138885": Object {
      "Metadata": Object {
        "cfn_nag": Object {
          "rules_to_suppress": Array [
            Object {
              "id": "W28",
              "reason": "Static names chosen intentionally to provide fixed name structure required in the solution",
            },
          ],
        },
      },
      "Properties": Object {
        "AlarmDescription": "Alarm when canary success is less than 100% on the most recent check.",
        "AlarmName": Object {
          "Fn::Join": Array [
            "",
            Array [
              "SO0143-[",
              Object {
                "Ref": "AppName",
              },
              "]-[",
              Object {
                "Ref": "RepoName",
              },
              "]-MTTR",
            ],
          ],
        },
        "ComparisonOperator": "LessThanThreshold",
        "DatapointsToAlarm": Object {
          "Ref": "AlarmPeriods",
        },
        "Dimensions": Array [
          Object {
            "Name": "CanaryName",
            "Value": Object {
              "Ref": "CanaryName",
            },
          },
        ],
        "EvaluationPeriods": Object {
          "Ref": "EvalPeriods",
        },
        "MetricName": "SuccessPercent",
        "Namespace": "CloudWatchSynthetics",
        "Period": 300,
        "Statistic": "Average",
        "Threshold": Object {
          "Ref": "PercentThreshold",
        },
      },
      "Type": "AWS::CloudWatch::Alarm",
    },
    "ArtifactBucket7410C9EF": Object {
      "Condition": "CreateBucketCondition",
      "DeletionPolicy": "Retain",
      "Metadata": Object {
        "cfn_nag": Object {
          "rules_to_suppress": Array [
            Object {
              "id": "W35",
              "reason": "This bucket is used by canary to store artifacts and no access loging bucket is needed.",
            },
          ],
        },
      },
      "Properties": Object {
        "AccessControl": "LogDeliveryWrite",
        "BucketEncryption": Object {
          "ServerSideEncryptionConfiguration": Array [
            Object {
              "ServerSideEncryptionByDefault": Object {
                "SSEAlgorithm": "AES256",
              },
            },
          ],
        },
        "BucketName": Object {
          "Ref": "BucketName",
        },
        "PublicAccessBlockConfiguration": Object {
          "BlockPublicAcls": true,
          "BlockPublicPolicy": true,
          "IgnorePublicAcls": true,
          "RestrictPublicBuckets": true,
        },
        "Tags": Array [
          Object {
            "Key": "Name",
            "Value": "AWS DevOps Monitoring Dashboard Canary Artifacts",
          },
        ],
      },
      "Type": "AWS::S3::Bucket",
      "UpdateReplacePolicy": "Retain",
    },
    "ArtifactBucketPolicy4B4B7752": Object {
      "Condition": "CreateBucketCondition",
      "Properties": Object {
        "Bucket": Object {
          "Ref": "ArtifactBucket7410C9EF",
        },
        "PolicyDocument": Object {
          "Statement": Array [
            Object {
              "Action": "s3:*",
              "Condition": Object {
                "Bool": Object {
                  "aws:SecureTransport": "false",
                },
              },
              "Effect": "Deny",
              "Principal": Object {
                "AWS": "*",
              },
              "Resource": Array [
                Object {
                  "Fn::GetAtt": Array [
                    "ArtifactBucket7410C9EF",
                    "Arn",
                  ],
                },
                Object {
                  "Fn::Join": Array [
                    "",
                    Array [
                      Object {
                        "Fn::GetAtt": Array [
                          "ArtifactBucket7410C9EF",
                          "Arn",
                        ],
                      },
                      "/*",
                    ],
                  ],
                },
              ],
              "Sid": "HttpsOnly",
            },
          ],
          "Version": "2012-10-17",
        },
      },
      "Type": "AWS::S3::BucketPolicy",
    },
    "HttpCanaryE06DE534": Object {
      "Condition": "CreateCanaryCondition",
      "Properties": Object {
        "ArtifactS3Location": Object {
          "Fn::Join": Array [
            "",
            Array [
              "s3://",
              Object {
                "Ref": "BucketName",
              },
              "/",
              Object {
                "Ref": "AWS::StackName",
              },
            ],
          ],
        },
        "Code": Object {
          "Handler": "index.handler",
          "Script": Object {
            "Fn::Join": Array [
              "",
              Array [
                "var synthetics = require('Synthetics');
const log = require('SyntheticsLogger');

const pageLoadBlueprint = async function () {

  const URL = \\"",
                Object {
                  "Ref": "URL",
                },
                "\\";

  let page = await synthetics.getPage();
  const response = await page.goto(URL, {waitUntil: 'domcontentloaded', timeout: 30000});
  //Wait for page to render.
  //Increase or decrease wait time based on endpoint being monitored.
  await page.waitFor(",
                Object {
                  "Ref": "ResponseThreshold",
                },
                ");
  // This will take a screenshot that will be included in test output artifacts
  await synthetics.takeScreenshot('loaded', 'loaded');
  let pageTitle = await page.title();
  log.info('Page title: ' + pageTitle);
  if (response.status() !== 200) {
      throw \\"Failed to load page!\\";
  }
};

exports.handler = async () => {
    return await pageLoadBlueprint();
};",
              ],
            ],
          },
        },
        "ExecutionRoleArn": Object {
          "Fn::GetAtt": Array [
            "HttpCanaryServiceRoleF71089F4",
            "Arn",
          ],
        },
        "Name": Object {
          "Ref": "CanaryName",
        },
        "RuntimeVersion": "syn-nodejs-puppeteer-3.3",
        "Schedule": Object {
          "DurationInSeconds": "0",
          "Expression": Object {
            "Fn::If": Array [
              "IntervalEqualsOne",
              "rate(1 minute)",
              Object {
                "Fn::Join": Array [
                  "",
                  Array [
                    "rate(",
                    Object {
                      "Ref": "Interval",
                    },
                    " minutes)",
                  ],
                ],
              },
            ],
          },
        },
        "StartCanaryAfterCreation": true,
      },
      "Type": "AWS::Synthetics::Canary",
    },
    "HttpCanaryServiceRoleF71089F4": Object {
      "Metadata": Object {
        "cfn_nag": Object {
          "rules_to_suppress": Array [
            Object {
              "id": "W11",
              "reason": "Resource * is required by the canary service role.",
            },
          ],
        },
      },
      "Properties": Object {
        "AssumeRolePolicyDocument": Object {
          "Statement": Array [
            Object {
              "Action": "sts:AssumeRole",
              "Effect": "Allow",
              "Principal": Object {
                "Service": "lambda.amazonaws.com",
              },
            },
          ],
          "Version": "2012-10-17",
        },
        "Policies": Array [
          Object {
            "PolicyDocument": Object {
              "Statement": Array [
                Object {
                  "Action": "s3:ListAllMyBuckets",
                  "Effect": "Allow",
                  "Resource": "*",
                },
                Object {
                  "Action": "s3:GetBucketLocation",
                  "Effect": "Allow",
                  "Resource": Object {
                    "Fn::Join": Array [
                      "",
                      Array [
                        "arn:",
                        Object {
                          "Ref": "AWS::Partition",
                        },
                        ":s3:::",
                        Object {
                          "Ref": "BucketName",
                        },
                      ],
                    ],
                  },
                },
                Object {
                  "Action": "s3:PutObject",
                  "Effect": "Allow",
                  "Resource": Object {
                    "Fn::Join": Array [
                      "",
                      Array [
                        "arn:",
                        Object {
                          "Ref": "AWS::Partition",
                        },
                        ":s3:::",
                        Object {
                          "Ref": "BucketName",
                        },
                        "/",
                        Object {
                          "Ref": "AWS::StackName",
                        },
                        "/*",
                      ],
                    ],
                  },
                },
                Object {
                  "Action": "cloudwatch:PutMetricData",
                  "Condition": Object {
                    "StringEquals": Object {
                      "cloudwatch:namespace": "CloudWatchSynthetics",
                    },
                  },
                  "Effect": "Allow",
                  "Resource": "*",
                },
                Object {
                  "Action": Array [
                    "logs:CreateLogStream",
                    "logs:CreateLogGroup",
                    "logs:PutLogEvents",
                  ],
                  "Effect": "Allow",
                  "Resource": Object {
                    "Fn::Join": Array [
                      "",
                      Array [
                        "arn:",
                        Object {
                          "Ref": "AWS::Partition",
                        },
                        ":logs:",
                        Object {
                          "Ref": "AWS::Region",
                        },
                        ":",
                        Object {
                          "Ref": "AWS::AccountId",
                        },
                        ":log-group:/aws/lambda/cwsyn-*",
                      ],
                    ],
                  },
                },
              ],
              "Version": "2012-10-17",
            },
            "PolicyName": "canaryPolicy",
          },
        ],
      },
      "Type": "AWS::IAM::Role",
    },
  },
}
`;
